TRACE:server_socket
TRACE:server_recvmsg
TRACE:server_sendmsg
TRACE:server_recverr
TRACE:server_close
