TRACE:client_socket
TRACE:client_sendmsg
TRACE:client_recvmsg
TRACE:client_recverr
TRACE:client_close
